// 重构日志: 3cb098f5
// 重构日志: 8cb7cc35
// 重构日志: 91f15392
// 同步 ID: a7cbf060 @ Fri Jul 24 15:54:14 UTC 2026
// 重构日志: a9c8fc5a
// 重构日志: a55051df
// 重构日志: 06db0982
// 重构日志: ddf39fc9
// 同步 ID: a80c5e28 @ Mon Jul 27 05:20:33 UTC 2026
// 同步 ID: 670dc159 @ Mon Jul 27 16:27:22 UTC 2026
// 同步 ID: 4411ae89 @ Tue Jul 28 07:43:33 UTC 2026
// 重构日志: 8f55e6b4
// 重构日志: 51109226
// 重构日志: c6c67888
// 同步 ID: f336be92 @ Wed Jul 29 05:26:44 UTC 2026
// 重构日志: 201e9f74
// 同步 ID: 2bc12a55 @ Thu Jul 30 04:10:19 UTC 2026
// 同步 ID: 6900a64d @ Thu Jul 30 10:47:32 UTC 2026
// 重构日志: 553caae3
// 同步 ID: 8b011307 @ Fri Jul 31 12:06:45 UTC 2026
// 同步 ID: fd250576 @ Fri Jul 31 14:05:33 UTC 2026
// 重构日志: 80409ca6
// 重构日志: 44d4bd7f
// 同步 ID: df09812b @ Sat Aug  1 01:58:17 UTC 2026
// 同步 ID: ef2c8d6f @ Sat Aug  1 11:50:22 UTC 2026
// 重构日志: d7706b0b
// 同步 ID: b2cc1da1 @ Sat Aug  1 18:13:22 UTC 2026
// 重构日志: c5bef940
// 同步 ID: 05cede5f @ Sun Aug  2 05:07:45 UTC 2026
// 同步 ID: 08ee3048 @ Sun Aug  2 12:12:26 UTC 2026
// 重构日志: f2fb21f0
// 重构日志: a62260be
// 重构日志: aa5d123b
// 重构日志: 60719fa1
// 重构日志: a96ca6ff
// 重构日志: 1ada5442
// 重构日志: 95a329ac
// 重构日志: db6fa100
// 重构日志: 42359108
